     1                                  bits 32
     2                                  
     3                                  global start
     4                                  extern exit
     5                                  import exit msvcrt.dll
     6                                  
     7                                  segment data use32 class=data
     8                                  ;c-b-(a+a)-b
     9 00000000 0A                          a db 10
    10 00000001 0A00                        b dw 10
    11 00000003 64000000                    c dd 100
    12                                  
    13                                  segment code use32 class=code
    14                                      start:
    15 00000000 8B1D[03000000]                  mov EBx,[c]
    16 00000006 2B1D[01000000]                  sub EBx,[b]
    17 0000000C A0[00000000]                    mov Al,[a]
    18 00000011 6698                            cbw
    19 00000013 660305[00000000]                add Ax,[a]
    20 0000001A 98                              cwde
    21 0000001B 29C3                            sub EBx,EAx
    22 0000001D 2B1D[01000000]                  sub EBx,[b]
    23                                          
    24 00000023 FF3500000000                    push dword[0]
    25 00000029 FF15[00000000]                  call [exit]
