     1                                  bits 32 ; assembling for the 32 bits architecture
     2                                  
     3                                  ; declare the EntryPoint (a label defining the very first instruction of the program)
     4                                  global start        
     5                                  
     6                                  ; declare external functions needed by our program
     7                                  extern exit               ; tell nasm that exit exists even if we won't be defining it
     8                                  import exit msvcrt.dll    ; exit is a function that ends the calling process. It is defined in msvcrt.dll
     9                                                            ; msvcrt.dll contains exit, printf and all the other important C-runtime specific functions
    10                                  
    11                                  ; our data is declared here (the variables needed by our program)
    12                                  segment data use32 class=data
    13                                      ; ...
    14 00000000 616263646566                a db 'abcdef'
    15                                      l equ $-a
    16 00000006 <res 00000006>              b resb l
    17                                  ; our code starts here
    18                                  segment code use32 class=code
    19                                      start:
    20 00000000 BE[00000000]                    mov ESI, a
    21 00000005 BF[06000000]                    mov EDI, b
    22 0000000A B906000000                      mov ECx, l
    23                                      redo:
    24 0000000F 8A06                            mov Al,[ESI]
    25 00000011 2C20                            sub Al,'a'-'A'
    26 00000013 8807                            mov [EDI],Al
    27 00000015 46                              inc ESI
    28 00000016 47                              inc EDI
    29 00000017 49                              dec ECx
    30 00000018 E302                            jECxz fin
    31 0000001A EBF3                            jmp redo
    32                                      fin:
    33                                      
    34                                      
    35                                      
    36 0000001C 6A00                            push    dword 0      ; push the parameter for exit onto the stack
    37 0000001E FF15[00000000]                  call    [exit]       ; call exit to terminate the program
